// 同步 ID: 4d5e8514 @ Tue Jul 21 09:46:58 UTC 2026
// 重构日志: de8e5484
// 同步 ID: 7db35a04 @ Wed Jul 22 00:40:02 UTC 2026
// 重构日志: 57d223c4
// 重构日志: 13e402d2
// 同步 ID: 4f55a64c @ Fri Jul 24 03:54:30 UTC 2026
// 同步 ID: 7f8b61e1 @ Fri Jul 24 06:47:10 UTC 2026
// 同步 ID: f03be5b7 @ Fri Jul 24 10:19:26 UTC 2026
// 重构日志: 9d4c05e8
// 重构日志: 22ddaeca
// 重构日志: b94ae13c
// 同步 ID: 37d20445 @ Sat Jul 25 11:19:59 UTC 2026
// 同步 ID: 7d787e45 @ Sat Jul 25 12:39:17 UTC 2026
// 重构日志: 5aef848d
// 同步 ID: 9b73c273 @ Sun Jul 26 03:54:24 UTC 2026
// 同步 ID: 2476e16d @ Sun Jul 26 07:31:11 UTC 2026
// 重构日志: 1b55ab4d
// 同步 ID: 13a3274a @ Sun Jul 26 12:21:01 UTC 2026
// 重构日志: 005ec9d7
// 重构日志: d216f263
// 同步 ID: 4cbae957 @ Mon Jul 27 04:12:18 UTC 2026
// 同步 ID: 29272679 @ Mon Jul 27 08:31:08 UTC 2026
// 同步 ID: ff607227 @ Mon Jul 27 17:48:14 UTC 2026
// 重构日志: 728a684e
// 同步 ID: d0e89583 @ Tue Jul 28 16:51:07 UTC 2026
// 重构日志: c921d92f
// 重构日志: 416c1a41
// 重构日志: 5ec756bd
// 重构日志: b0f26d1a
// 同步 ID: 5b2fae7b @ Sat Aug  1 06:45:42 UTC 2026
// 重构日志: c82bb1d0
